// Jest Snapshot v1, https://goo.gl/fbAQLP

exports[`user matches with snapshot 1`] = `
{
  "age": 69,
  "job": "inventor",
  "name": "Cornelius Faux",
}
`;
